
> vite_react_shadcn_ts@0.0.0 build
> vite build

[36mvite v5.4.19 [32mbuilding for production...[36m[39m
transforming...
node.exe : Browserslist: browsers data (caniuse-lite) is 11 months old. Please 
run:
En línea: 1 Carácter: 1
+ & "C:\Program Files\nodejs/node.exe" "C:\Program Files\nodejs/node_mo ...
+ ~~~~~~~~~~~~~~~~~~~~~~~~~~~~~~~~~~~~~~~~~~~~~~~~~~~~~~~~~~~~~~~~~~~~~
    + CategoryInfo          : NotSpecified: (Browserslist: b...ld. Please run: 
   :String) [], RemoteException
    + FullyQualifiedErrorId : NativeCommandError
 
  npx update-browserslist-db@latest
  Why you should do it regularly: 
https://github.com/browserslist/update-db#readme
[32mÔ£ô[39m 110 modules transformed.
[31mx[39m Build failed in 7.87s
[31merror during build:
[31m[vite:esbuild] Transform failed with 4 errors:
C:/Users/ces_m/OneDrive/Im├ígenes/road-safety-hub-main/road-safety-hub-main/fro
ntend/src/components/QuizEditor.tsx:361:6: ERROR: The symbol "emptyOpcion" has 
already been declared
C:/Users/ces_m/OneDrive/Im├ígenes/road-safety-hub-main/road-safety-hub-main/fro
ntend/src/components/QuizEditor.tsx:363:6: ERROR: The symbol "emptyPregunta" 
has already been declared
C:/Users/ces_m/OneDrive/Im├ígenes/road-safety-hub-main/road-safety-hub-main/fro
ntend/src/components/QuizEditor.tsx:375:13: ERROR: Multiple exports with the 
same name "QuizEditor"
C:/Users/ces_m/OneDrive/Im├ígenes/road-safety-hub-main/road-safety-hub-main/fro
ntend/src/components/QuizEditor.tsx:375:13: ERROR: The symbol "QuizEditor" has 
already been declared[31m
file: [36mC:/Users/ces_m/OneDrive/Im├ígenes/road-safety-hub-main/road-safety-h
ub-main/frontend/src/components/QuizEditor.tsx:361:6[31m
[33m
[33mThe symbol "emptyOpcion" has already been declared[33m
359|  }
360|  
361|  const emptyOpcion = (orden: number): Opcion => ({ texto: '', 
es_correcta: false, orden });
   |        ^
362|  
363|  const emptyPregunta = (orden: number): Pregunta => ({

[33mThe symbol "emptyPregunta" has already been declared[33m
361|  const emptyOpcion = (orden: number): Opcion => ({ texto: '', 
es_correcta: false, orden });
362|  
363|  const emptyPregunta = (orden: number): Pregunta => ({
   |        ^
364|    pregunta: '',
365|    tipo: 'multiple_choice',

[33mMultiple exports with the same name "QuizEditor"[33m
373|  });
374|  
375|  export const QuizEditor = ({ capacitacionId }: QuizEditorProps) => {
   |               ^
376|    const [preguntas, setPreguntas] = useState<Pregunta[]>([]);
377|    const [loading, setLoading] = useState(true);

[33mThe symbol "QuizEditor" has already been declared[33m
373|  });
374|  
375|  export const QuizEditor = ({ capacitacionId }: QuizEditorProps) => {
   |               ^
376|    const [preguntas, setPreguntas] = useState<Pregunta[]>([]);
377|    const [loading, setLoading] = useState(true);
[31m
    at failureErrorWithLog (C:\Users\ces_m\OneDrive\Im├ígenes\road-safety-hub-m
ain\road-safety-hub-main\frontend\node_modules\esbuild\lib\main.js:1472:15)
    at C:\Users\ces_m\OneDrive\Im├ígenes\road-safety-hub-main\road-safety-hub-m
ain\frontend\node_modules\esbuild\lib\main.js:755:50
    at responseCallbacks.<computed> (C:\Users\ces_m\OneDrive\Im├ígenes\road-saf
ety-hub-main\road-safety-hub-main\frontend\node_modules\esbuild\lib\main.js:622
:9)
    at handleIncomingPacket (C:\Users\ces_m\OneDrive\Im├ígenes\road-safety-hub-
main\road-safety-hub-main\frontend\node_modules\esbuild\lib\main.js:677:12)
    at Socket.readFromStdout (C:\Users\ces_m\OneDrive\Im├ígenes\road-safety-hub
-main\road-safety-hub-main\frontend\node_modules\esbuild\lib\main.js:600:7)
    at Socket.emit (node:events:508:28)
    at addChunk (node:internal/streams/readable:559:12)
    at readableAddChunkPushByteMode (node:internal/streams/readable:510:3)
    at Readable.push (node:internal/streams/readable:390:5)
    at Pipe.onStreamRead (node:internal/stream_base_commons:189:23)[39m
